generation: 1
dnasize: 5
DNA:
0.647763 -0.326131 -0.919742 -0.609434 0.085264 
fitness: -1.039529
generation: 1
dnasize: 5
DNA:
-0.130435 -0.688673 -0.168905 -0.604860 -0.002762 
fitness: -1.007023
generation: 1
dnasize: 5
DNA:
-0.130435 -0.688673 -0.168905 -0.604860 -0.002762 
fitness: -1.007023
generation: 1
dnasize: 5
DNA:
0.852153 0.748269 -0.777285 -0.809221 0.019857 
fitness: -0.575056
generation: 1
dnasize: 5
DNA:
0.378532 0.221147 -0.228040 -0.733313 -0.025779 
fitness: -0.165049
generation: 1
dnasize: 5
DNA:
0.378532 0.221147 -0.228040 -0.733313 -0.025779 
fitness: -0.165049
generation: 1
dnasize: 5
DNA:
0.378532 0.221147 -0.228040 -0.733313 -0.025779 
fitness: -0.165049
generation: 1
dnasize: 5
DNA:
0.288155 0.221147 -0.228040 -0.733313 -0.025779 
fitness: -0.143037
generation: 1
dnasize: 5
DNA:
0.288155 0.221147 -0.228040 -0.733313 -0.025779 
fitness: -0.143037
generation: 1
dnasize: 5
DNA:
0.378532 0.221147 -0.228040 -0.747041 -0.025779 
fitness: -0.114445
generation: 1
dnasize: 5
DNA:
0.378532 0.221147 -0.228040 -0.747041 -0.025779 
fitness: -0.114445
generation: 1
dnasize: 5
DNA:
0.378532 0.221147 -0.228040 -0.747041 -0.025779 
fitness: -0.114445
generation: 1
dnasize: 5
DNA:
0.378532 0.221147 -0.228040 -0.747041 -0.025779 
fitness: -0.114445
generation: 1
dnasize: 5
DNA:
0.288155 0.228538 -0.228040 -0.747041 -0.025779 
fitness: -0.092494
generation: 1
dnasize: 5
DNA:
0.288155 0.228538 -0.228040 -0.747041 -0.025779 
fitness: -0.092494
generation: 1
dnasize: 5
DNA:
0.131059 0.664103 -0.228040 -0.809221 -0.025779 
fitness: -0.079837
generation: 1
dnasize: 5
DNA:
0.378532 0.473185 -0.228040 -0.809221 -0.025779 
fitness: -0.077937
generation: 1
dnasize: 5
DNA:
0.131059 0.473185 -0.228040 -0.809221 -0.025779 
fitness: -0.050138
generation: 1
dnasize: 5
DNA:
0.131059 0.473185 -0.228040 -0.809221 -0.025779 
fitness: -0.050138
generation: 1
dnasize: 5
DNA:
0.131059 0.473185 -0.228040 -0.809221 -0.025779 
fitness: -0.050138
generation: 1
dnasize: 5
DNA:
0.131059 0.473185 -0.228040 -0.809221 -0.025779 
fitness: -0.050138
generation: 1
dnasize: 5
DNA:
0.131059 0.473185 -0.228040 -0.809221 -0.025779 
fitness: -0.050138
generation: 1
dnasize: 5
DNA:
0.131059 0.473185 -0.228040 -0.809221 -0.025779 
fitness: -0.050138
generation: 1
dnasize: 5
DNA:
0.131059 0.473185 -0.228040 -0.809221 -0.025779 
fitness: -0.050138
generation: 1
dnasize: 5
DNA:
0.131059 0.473185 -0.225490 -0.797575 -0.025779 
fitness: -0.034253
generation: 1
dnasize: 5
DNA:
0.131059 0.473185 -0.225490 -0.797575 -0.025779 
fitness: -0.034253
generation: 1
dnasize: 5
DNA:
0.131059 0.473185 -0.225490 -0.797575 -0.025779 
fitness: -0.034253
generation: 1
dnasize: 5
DNA:
0.131059 0.473185 -0.225490 -0.797575 -0.025779 
fitness: -0.034253
generation: 1
dnasize: 5
DNA:
0.131059 0.473185 -0.225490 -0.797575 -0.025779 
fitness: -0.034253
generation: 1
dnasize: 5
DNA:
0.131059 0.473185 -0.225490 -0.797575 -0.025779 
fitness: -0.034253
generation: 1
dnasize: 5
DNA:
0.131059 0.473185 -0.225490 -0.797575 -0.025779 
fitness: -0.034253
generation: 1
dnasize: 5
DNA:
0.131059 0.473185 -0.225490 -0.797575 -0.025779 
fitness: -0.034253
generation: 1
dnasize: 5
DNA:
0.131059 0.473185 -0.225490 -0.797575 -0.025779 
fitness: -0.034253
generation: 1
dnasize: 5
DNA:
0.131059 0.473185 -0.225490 -0.797575 -0.025779 
fitness: -0.034253
generation: 1
dnasize: 5
DNA:
0.131059 0.473185 -0.225490 -0.797575 -0.025779 
fitness: -0.034253
generation: 1
dnasize: 5
DNA:
0.160266 0.473185 -0.228040 -0.797575 -0.025779 
fitness: -0.032944
generation: 1
dnasize: 5
DNA:
0.160266 0.473185 -0.228040 -0.797575 -0.025779 
fitness: -0.032944
generation: 1
dnasize: 5
DNA:
0.160266 0.473185 -0.225490 -0.797575 -0.025779 
fitness: -0.031423
generation: 1
dnasize: 5
DNA:
0.131059 0.473185 -0.207030 -0.797575 -0.025779 
fitness: -0.026297
generation: 1
dnasize: 5
DNA:
0.131059 0.473185 -0.207030 -0.797575 -0.025779 
fitness: -0.026297
generation: 1
dnasize: 5
DNA:
0.131059 0.473185 -0.207030 -0.797575 -0.025779 
fitness: -0.026297
generation: 1
dnasize: 5
DNA:
0.131059 0.473185 -0.207030 -0.797575 -0.025779 
fitness: -0.026297
generation: 1
dnasize: 5
DNA:
0.131059 0.473185 -0.207030 -0.797575 -0.025779 
fitness: -0.026297
generation: 1
dnasize: 5
DNA:
0.131059 0.473185 -0.207030 -0.797575 -0.025779 
fitness: -0.026297
generation: 1
dnasize: 5
DNA:
0.131059 0.473185 -0.207030 -0.797575 -0.025779 
fitness: -0.026297
generation: 1
dnasize: 5
DNA:
0.131059 0.473185 -0.207030 -0.797575 -0.025779 
fitness: -0.026297
generation: 1
dnasize: 5
DNA:
0.131059 0.473185 -0.207030 -0.797575 -0.025779 
fitness: -0.026297
generation: 1
dnasize: 5
DNA:
0.131059 0.473185 -0.207030 -0.797575 -0.025779 
fitness: -0.026297
generation: 1
dnasize: 5
DNA:
0.131059 0.473185 -0.207030 -0.797575 -0.025779 
fitness: -0.026297
generation: 1
dnasize: 5
DNA:
0.131059 0.473185 -0.207030 -0.797575 -0.025779 
fitness: -0.026297
generation: 1
dnasize: 5
DNA:
0.131059 0.473185 -0.207030 -0.797575 -0.025779 
fitness: -0.026297
generation: 1
dnasize: 5
DNA:
0.131059 0.473185 -0.207030 -0.797575 -0.025779 
fitness: -0.026297
generation: 1
dnasize: 5
DNA:
0.131059 0.473185 -0.207030 -0.797575 -0.025779 
fitness: -0.026297
generation: 1
dnasize: 5
DNA:
0.131059 0.473185 -0.207030 -0.797575 -0.025779 
fitness: -0.026297
generation: 1
dnasize: 5
DNA:
0.133185 0.473185 -0.207030 -0.797575 -0.025779 
fitness: -0.026269
generation: 1
dnasize: 5
DNA:
0.133185 0.473185 -0.207030 -0.797575 -0.025779 
fitness: -0.026269
generation: 1
dnasize: 5
DNA:
0.133185 0.473185 -0.207030 -0.797575 -0.025779 
fitness: -0.026269
generation: 1
dnasize: 5
DNA:
0.133185 0.473185 -0.207030 -0.797575 -0.025779 
fitness: -0.026269
generation: 1
dnasize: 5
DNA:
0.133185 0.473185 -0.207030 -0.797575 -0.025779 
fitness: -0.026269
generation: 1
dnasize: 5
DNA:
0.133185 0.473185 -0.207030 -0.797575 -0.025779 
fitness: -0.026269
generation: 1
dnasize: 5
DNA:
0.133185 0.473185 -0.207030 -0.797575 -0.025779 
fitness: -0.026269
generation: 1
dnasize: 5
DNA:
0.133185 0.473185 -0.207030 -0.797575 -0.025779 
fitness: -0.026269
generation: 1
dnasize: 5
DNA:
0.133185 0.473185 -0.207030 -0.797575 -0.025779 
fitness: -0.026269
generation: 1
dnasize: 5
DNA:
0.133185 0.473185 -0.207030 -0.797575 -0.025779 
fitness: -0.026269
generation: 1
dnasize: 5
DNA:
0.133185 0.473185 -0.207030 -0.797575 -0.025779 
fitness: -0.026269
generation: 1
dnasize: 5
DNA:
0.133185 0.473185 -0.207030 -0.797575 -0.025779 
fitness: -0.026269
generation: 1
dnasize: 5
DNA:
0.133185 0.473185 -0.207030 -0.797575 -0.025779 
fitness: -0.026269
generation: 1
dnasize: 5
DNA:
0.133185 0.473185 -0.207030 -0.797575 -0.025779 
fitness: -0.026269
generation: 1
dnasize: 5
DNA:
0.133185 0.473185 -0.207030 -0.797575 -0.025779 
fitness: -0.026269
generation: 1
dnasize: 5
DNA:
0.133185 0.473185 -0.207030 -0.797575 -0.025779 
fitness: -0.026269
generation: 1
dnasize: 5
DNA:
0.133185 0.473185 -0.207030 -0.797575 -0.025779 
fitness: -0.026269
generation: 1
dnasize: 5
DNA:
0.133185 0.473185 -0.207030 -0.797575 -0.025779 
fitness: -0.026269
generation: 1
dnasize: 5
DNA:
0.133185 0.473185 -0.207030 -0.797575 -0.025779 
fitness: -0.026269
generation: 1
dnasize: 5
DNA:
0.133185 0.473185 -0.207030 -0.797575 -0.025779 
fitness: -0.026269
generation: 1
dnasize: 5
DNA:
0.133185 0.473185 -0.207030 -0.797575 -0.025779 
fitness: -0.026269
generation: 1
dnasize: 5
DNA:
0.133185 0.473185 -0.207030 -0.797575 -0.025779 
fitness: -0.026269
generation: 1
dnasize: 5
DNA:
0.133185 0.473185 -0.207030 -0.797575 -0.025779 
fitness: -0.026269
generation: 1
dnasize: 5
DNA:
0.133185 0.473185 -0.207030 -0.797575 -0.025779 
fitness: -0.026269
generation: 1
dnasize: 5
DNA:
0.133185 0.473185 -0.207030 -0.797575 -0.025779 
fitness: -0.026269
generation: 1
dnasize: 5
DNA:
0.133185 0.473185 -0.207030 -0.797575 -0.025779 
fitness: -0.026269
generation: 1
dnasize: 5
DNA:
0.133185 0.473185 -0.207030 -0.797575 -0.025779 
fitness: -0.026269
generation: 1
dnasize: 5
DNA:
0.133185 0.473185 -0.207030 -0.797575 -0.025779 
fitness: -0.026269
generation: 1
dnasize: 5
DNA:
0.133185 0.473185 -0.207030 -0.797575 -0.025779 
fitness: -0.026269
generation: 1
dnasize: 5
DNA:
0.133185 0.473185 -0.207030 -0.797575 -0.025779 
fitness: -0.026269
generation: 1
dnasize: 5
DNA:
0.133185 0.473185 -0.207030 -0.797575 -0.025779 
fitness: -0.026269
generation: 1
dnasize: 5
DNA:
0.133185 0.473185 -0.207030 -0.797575 -0.025779 
fitness: -0.026269
generation: 1
dnasize: 5
DNA:
0.133185 0.473185 -0.207030 -0.797575 -0.025779 
fitness: -0.026269
generation: 1
dnasize: 5
DNA:
0.133185 0.473185 -0.207030 -0.797575 -0.025779 
fitness: -0.026269
generation: 1
dnasize: 5
DNA:
0.133185 0.473185 -0.207030 -0.797575 -0.025779 
fitness: -0.026269
generation: 1
dnasize: 5
DNA:
0.133185 0.473185 -0.207030 -0.797575 -0.025779 
fitness: -0.026269
generation: 1
dnasize: 5
DNA:
0.133185 0.473185 -0.207030 -0.797575 -0.025779 
fitness: -0.026269
generation: 1
dnasize: 5
DNA:
0.133185 0.473185 -0.207030 -0.797575 -0.025779 
fitness: -0.026269
generation: 1
dnasize: 5
DNA:
0.133185 0.473185 -0.207030 -0.797575 -0.025779 
fitness: -0.026269
generation: 1
dnasize: 5
DNA:
0.133185 0.473185 -0.207030 -0.797575 -0.025779 
fitness: -0.026269
generation: 1
dnasize: 5
DNA:
0.133185 0.473185 -0.207030 -0.797575 -0.025779 
fitness: -0.026269
generation: 1
dnasize: 5
DNA:
0.133185 0.473185 -0.207030 -0.797575 -0.025779 
fitness: -0.026269
generation: 1
dnasize: 5
DNA:
0.133185 0.473185 -0.207030 -0.797575 -0.025779 
fitness: -0.026269
generation: 1
dnasize: 5
DNA:
0.133185 0.473185 -0.207030 -0.797575 -0.025779 
fitness: -0.026269
generation: 1
dnasize: 5
DNA:
0.135977 0.473185 -0.207030 -0.797575 -0.025779 
fitness: -0.026245
